Practice of git on 7 march 2024

-------------- If facing error to push files to repository & wants to change repository-------------------

odadasos@LIN19005770 MINGW64 ~/Desktop/MERN/Git/exe-1
$ touch chapter1.txt

odadasos@LIN19005770 MINGW64 ~/Desktop/MERN/Git/exe-1
$ git init
Initialized empty Git repository in C:/Users/ODADASOS/Desktop/MERN/Git/exe-1/.git/

odadasos@LIN19005770 MINGW64 ~/Desktop/MERN/Git/exe-1 (master)
$ git status
On branch master

No commits yet

Untracked files:
  (use "git add <file>..." to include in what will be committed)  
        chapter1.txt

nothing added to commit but untracked files present (use "git add" to track)

odadasos@LIN19005770 MINGW64 ~/Desktop/MERN/Git/exe-1 (master)    
$ git add .

odadasos@LIN19005770 MINGW64 ~/Desktop/MERN/Git/exe-1 (master)    
$ git status
On branch master

No commits yet

Changes to be committed:
  (use "git rm --cached <file>..." to unstage)
        new file:   chapter1.txt


odadasos@LIN19005770 MINGW64 ~/Desktop/MERN/Git/exe-1 (master)    
$ git commit -m "created first file for practice"
[master (root-commit) f896333] created first file for practice
 1 file changed, 1 insertion(+)
 create mode 100644 chapter1.txt

odadasos@LIN19005770 MINGW64 ~/Desktop/MERN/Git/exe-1 (master)    
$ git log
commit f8963335b344f9ce6489ce9ad637c3d4190c1f43 (HEAD -> master)
Author: omkar <omkarsature.4567@gmail.com>
Date:   Thu Mar 7 10:21:20 2024 +0530

    created first file for practice

odadasos@LIN19005770 MINGW64 ~/Desktop/MERN/Git/exe-1 (master)    
$ touch chapter2.txt chapter3.txt

odadasos@LIN19005770 MINGW64 ~/Desktop/MERN/Git/exe-1 (master)    
$ git status
On branch master
Untracked files:
  (use "git add <file>..." to include in what will be committed)  
        chapter2.txt
        chapter3.txt

nothing added to commit but untracked files present (use "git add" to track)

odadasos@LIN19005770 MINGW64 ~/Desktop/MERN/Git/exe-1 (master)    
$ git add .

odadasos@LIN19005770 MINGW64 ~/Desktop/MERN/Git/exe-1 (master)    
$ git status
On branch master
Changes to be committed:
  (use "git restore --staged <file>..." to unstage)
        new file:   chapter2.txt
        new file:   chapter3.txt


odadasos@LIN19005770 MINGW64 ~/Desktop/MERN/Git/exe-1 (master)    
$ git commit -m "Done with chapter 2 & 3 file"
[master ef86333] Done with chapter 2 & 3 file
 2 files changed, 4 insertions(+)
 create mode 100644 chapter2.txt
 create mode 100644 chapter3.txt

odadasos@LIN19005770 MINGW64 ~/Desktop/MERN/Git/exe-1 (master)    
$ git log
commit ef86333b6d25edb21800e9147fb20b42e2f19427 (HEAD -> master)
Author: omkar <omkarsature.4567@gmail.com>
Date:   Thu Mar 7 10:25:17 2024 +0530

    Done with chapter 2 & 3 file

commit f8963335b344f9ce6489ce9ad637c3d4190c1f43
Author: omkar <omkarsature.4567@gmail.com>
Date:   Thu Mar 7 10:21:20 2024 +0530

    created first file for practice

odadasos@LIN19005770 MINGW64 ~/Desktop/MERN/Git/exe-1 (master)    
$ git diff chapter3.txt
diff --git a/chapter3.txt b/chapter3.txt
index a6c9dce..709f747 100644
--- a/chapter3.txt
+++ b/chapter3.txt
@@ -1,2 +1,2 @@
 File No.3:
-Practice of git on 7 march 2024
\ No newline at end of file
+Practice of git on 7 march 2024 at 10:30
\ No newline at end of file

odadasos@LIN19005770 MINGW64 ~/Desktop/MERN/Git/exe-1 (master)    
$ git status
On branch master
Changes not staged for commit:
  (use "git add <file>..." to update what will be committed)      
  (use "git restore <file>..." to discard changes in working directory)
        modified:   chapter3.txt

no changes added to commit (use "git add" and/or "git commit -a") 

odadasos@LIN19005770 MINGW64 ~/Desktop/MERN/Git/exe-1 (master)    
$ git checkout chapter3.txt
Updated 1 path from the index

odadasos@LIN19005770 MINGW64 ~/Desktop/MERN/Git/exe-1 (master)    
$ git branch -M main

odadasos@LIN19005770 MINGW64 ~/Desktop/MERN/Git/exe-1 (main)      
$ git remote add origin https://github.com/Omkar0200/exe_1.git

odadasos@LIN19005770 MINGW64 ~/Desktop/MERN/Git/exe-1 (main)      
$ git push -u origin main
To https://github.com/Omkar0200/exe_1.git
 ! [rejected]        main -> main (fetch first)
error: failed to push some refs to 'https://github.com/Omkar0200/exe_1.git'
hint: Updates were rejected because the remote contains work that you do
hint: not have locally. This is usually caused by another repository pushing
hint: to the same ref. You may want to first integrate the remote changes
hint: (e.g., 'git pull ...') before pushing again.
hint: See the 'Note about fast-forwards' in 'git push --help' for details.

odadasos@LIN19005770 MINGW64 ~/Desktop/MERN/Git/exe-1 (main)      
$ git branch -M main

odadasos@LIN19005770 MINGW64 ~/Desktop/MERN/Git/exe-1 (main)      
$ git branch -M master

odadasos@LIN19005770 MINGW64 ~/Desktop/MERN/Git/exe-1 (master)    
$ git push -u origin main
error: src refspec main does not match any
error: failed to push some refs to 'https://github.com/Omkar0200/exe_1.git'

odadasos@LIN19005770 MINGW64 ~/Desktop/MERN/Git/exe-1 (master)    
$ git branch -M main

odadasos@LIN19005770 MINGW64 ~/Desktop/MERN/Git/exe-1 (main)      
$ git remote add origin https://github.com/Omkar0200/git-trail.gi 
error: remote origin already exists.

odadasos@LIN19005770 MINGW64 ~/Desktop/MERN/Git/exe-1 (main)
$ git log
commit ef86333b6d25edb21800e9147fb20b42e2f19427 (HEAD -> main)
Author: omkar <omkarsature.4567@gmail.com>
Date:   Thu Mar 7 10:25:17 2024 +0530

    Done with chapter 2 & 3 file

commit f8963335b344f9ce6489ce9ad637c3d4190c1f43
Author: omkar <omkarsature.4567@gmail.com>
Date:   Thu Mar 7 10:21:20 2024 +0530

    created first file for practice

odadasos@LIN19005770 MINGW64 ~/Desktop/MERN/Git/exe-1 (main)      
origin  https://github.com/Omkar0200/exe_1.git (fetch)
origin  https://github.com/Omkar0200/exe_1.git (push)

odadasos@LIN19005770 MINGW64 ~/Desktop/MERN/Git/exe-1 (main)
$ git remote set-url origin https://github.com/Omkar0200/git-trail.git


odadasos@LIN19005770 MINGW64 ~/Desktop/MERN/Git/exe-1 (main)
$ git remote -v
origin  https://github.com/Omkar0200/git-trail.git (fetch)
origin  https://github.com/Omkar0200/git-trail.git (push)

odadasos@LIN19005770 MINGW64 ~/Desktop/MERN/Git/exe-1 (main)
$ git push -u origin main
Enumerating objects: 7, done.
Counting objects: 100% (7/7), done.
Delta compression using up to 8 threads
Compressing objects: 100% (3/3), done.
Writing objects: 100% (7/7), 634 bytes | 158.00 KiB/s, done.
Total 7 (delta 0), reused 0 (delta 0), pack-reused 0
To https://github.com/Omkar0200/git-trail.git
 * [new branch]      main -> main
branch 'main' set up to track 'origin/main'.

odadasos@LIN19005770 MINGW64 ~/Desktop/MERN/Git/exe-1 (main)
$